正在使用 'Processes' 配置文件启动并行池(parpool)...
已连接到具有 10 个工作进程的并行池。
[1/42] MW9_BC run=1 status=ok IGD=0.0042253915 reused=0 file=/Users/lanai/Code/Matlab/PlatEMO/PlatEMO/mw_pilot_v1/Data/CBS_RegionWGAN_GP_A00/CBS_RegionWGAN_GP_A00_MW9_BC_M2_D15_1.mat
[2/42] MW7_BC run=1 status=ok IGD=0.0041258284 reused=0 file=/Users/lanai/Code/Matlab/PlatEMO/PlatEMO/mw_pilot_v1/Data/CBS_RegionWGAN_GP_A00/CBS_RegionWGAN_GP_A00_MW7_BC_M2_D15_1.mat
[3/42] MW12_BC run=2 status=ok IGD=0.004714599 reused=0 file=/Users/lanai/Code/Matlab/PlatEMO/PlatEMO/mw_pilot_v1/Data/CBS_RegionWGAN_GP_A00/CBS_RegionWGAN_GP_A00_MW12_BC_M2_D15_2.mat
[4/42] MW5_BC run=1 status=ok IGD=0.00015808333 reused=0 file=/Users/lanai/Code/Matlab/PlatEMO/PlatEMO/mw_pilot_v1/Data/CBS_RegionWGAN_GP_A00/CBS_RegionWGAN_GP_A00_MW5_BC_M2_D15_1.mat
[5/42] MW11_BC run=2 status=ok IGD=0.0060175343 reused=0 file=/Users/lanai/Code/Matlab/PlatEMO/PlatEMO/mw_pilot_v1/Data/CBS_RegionWGAN_GP_A00/CBS_RegionWGAN_GP_A00_MW11_BC_M2_D15_2.mat
[6/42] MW3_BC run=1 status=ok IGD=0.004951529 reused=0 file=/Users/lanai/Code/Matlab/PlatEMO/PlatEMO/mw_pilot_v1/Data/CBS_RegionWGAN_GP_A00/CBS_RegionWGAN_GP_A00_MW3_BC_M2_D15_1.mat
[7/42] MW10_BC run=1 status=ok IGD=0.096198707 reused=0 file=/Users/lanai/Code/Matlab/PlatEMO/PlatEMO/mw_pilot_v1/Data/CBS_RegionWGAN_GP_A00/CBS_RegionWGAN_GP_A00_MW10_BC_M2_D15_1.mat
[8/42] MW3_BC run=3 status=ok IGD=0.0050099481 reused=0 file=/Users/lanai/Code/Matlab/PlatEMO/PlatEMO/mw_pilot_v1/Data/CBS_RegionWGAN_GP_A00/CBS_RegionWGAN_GP_A00_MW3_BC_M2_D15_3.mat
[9/42] MW10_BC run=2 status=ok IGD=0.02007438 reused=0 file=/Users/lanai/Code/Matlab/PlatEMO/PlatEMO/mw_pilot_v1/Data/CBS_RegionWGAN_GP_A00/CBS_RegionWGAN_GP_A00_MW10_BC_M2_D15_2.mat
[10/42] MW1_BC run=1 status=ok IGD=0.0016378725 reused=0 file=/Users/lanai/Code/Matlab/PlatEMO/PlatEMO/mw_pilot_v1/Data/CBS_RegionWGAN_GP_A00/CBS_RegionWGAN_GP_A00_MW1_BC_M2_D15_1.mat
[11/42] MW9_BC run=2 status=ok IGD=0.0044073445 reused=0 file=/Users/lanai/Code/Matlab/PlatEMO/PlatEMO/mw_pilot_v1/Data/CBS_RegionWGAN_GP_A00/CBS_RegionWGAN_GP_A00_MW9_BC_M2_D15_2.mat
[12/42] MW12_BC run=1 status=ok IGD=0.0048253848 reused=0 file=/Users/lanai/Code/Matlab/PlatEMO/PlatEMO/mw_pilot_v1/Data/CBS_RegionWGAN_GP_A00/CBS_RegionWGAN_GP_A00_MW12_BC_M2_D15_1.mat
[13/42] MW6_BC run=1 status=ok IGD=0.026599478 reused=0 file=/Users/lanai/Code/Matlab/PlatEMO/PlatEMO/mw_pilot_v1/Data/CBS_RegionWGAN_GP_A00/CBS_RegionWGAN_GP_A00_MW6_BC_M2_D15_1.mat
[14/42] MW11_BC run=1 status=ok IGD=0.0062353601 reused=0 file=/Users/lanai/Code/Matlab/PlatEMO/PlatEMO/mw_pilot_v1/Data/CBS_RegionWGAN_GP_A00/CBS_RegionWGAN_GP_A00_MW11_BC_M2_D15_1.mat
[15/42] MW2_BC run=1 status=ok IGD=0.032383044 reused=0 file=/Users/lanai/Code/Matlab/PlatEMO/PlatEMO/mw_pilot_v1/Data/CBS_RegionWGAN_GP_A00/CBS_RegionWGAN_GP_A00_MW2_BC_M2_D15_1.mat
[16/42] MW4_BC run=1 status=ok IGD=0.0418329 reused=0 file=/Users/lanai/Code/Matlab/PlatEMO/PlatEMO/mw_pilot_v1/Data/CBS_RegionWGAN_GP_A00/CBS_RegionWGAN_GP_A00_MW4_BC_M3_D15_1.mat
[17/42] MW8_BC run=1 status=ok IGD=0.046752272 reused=0 file=/Users/lanai/Code/Matlab/PlatEMO/PlatEMO/mw_pilot_v1/Data/CBS_RegionWGAN_GP_A00/CBS_RegionWGAN_GP_A00_MW8_BC_M3_D15_1.mat
[18/42] MW10_BC run=3 status=ok IGD=0.020329522 reused=0 file=/Users/lanai/Code/Matlab/PlatEMO/PlatEMO/mw_pilot_v1/Data/CBS_RegionWGAN_GP_A00/CBS_RegionWGAN_GP_A00_MW10_BC_M2_D15_3.mat
[19/42] MW6_BC run=3 status=ok IGD=0.0080938049 reused=0 file=/Users/lanai/Code/Matlab/PlatEMO/PlatEMO/mw_pilot_v1/Data/CBS_RegionWGAN_GP_A00/CBS_RegionWGAN_GP_A00_MW6_BC_M2_D15_3.mat
[20/42] MW14_BC run=1 status=ok IGD=0.10090413 reused=0 file=/Users/lanai/Code/Matlab/PlatEMO/PlatEMO/mw_pilot_v1/Data/CBS_RegionWGAN_GP_A00/CBS_RegionWGAN_GP_A00_MW14_BC_M3_D15_1.mat
[21/42] MW2_BC run=3 status=ok IGD=0.020859145 reused=0 file=/Users/lanai/Code/Matlab/PlatEMO/PlatEMO/mw_pilot_v1/Data/CBS_RegionWGAN_GP_A00/CBS_RegionWGAN_GP_A00_MW2_BC_M2_D15_3.mat
[22/42] MW9_BC run=3 status=ok IGD=0.0043583145 reused=0 file=/Users/lanai/Code/Matlab/PlatEMO/PlatEMO/mw_pilot_v1/Data/CBS_RegionWGAN_GP_A00/CBS_RegionWGAN_GP_A00_MW9_BC_M2_D15_3.mat
[23/42] MW6_BC run=2 status=ok IGD=0.022402284 reused=0 file=/Users/lanai/Code/Matlab/PlatEMO/PlatEMO/mw_pilot_v1/Data/CBS_RegionWGAN_GP_A00/CBS_RegionWGAN_GP_A00_MW6_BC_M2_D15_2.mat
[24/42] MW8_BC run=2 status=ok IGD=0.051520212 reused=0 file=/Users/lanai/Code/Matlab/PlatEMO/PlatEMO/mw_pilot_v1/Data/CBS_RegionWGAN_GP_A00/CBS_RegionWGAN_GP_A00_MW8_BC_M3_D15_2.mat
[25/42] MW13_BC run=3 status=ok IGD=0.077923874 reused=0 file=/Users/lanai/Code/Matlab/PlatEMO/PlatEMO/mw_pilot_v1/Data/CBS_RegionWGAN_GP_A00/CBS_RegionWGAN_GP_A00_MW13_BC_M2_D15_3.mat
[26/42] MW13_BC run=1 status=ok IGD=0.075992189 reused=0 file=/Users/lanai/Code/Matlab/PlatEMO/PlatEMO/mw_pilot_v1/Data/CBS_RegionWGAN_GP_A00/CBS_RegionWGAN_GP_A00_MW13_BC_M2_D15_1.mat
[27/42] MW7_BC run=2 status=ok IGD=0.0042062071 reused=0 file=/Users/lanai/Code/Matlab/PlatEMO/PlatEMO/mw_pilot_v1/Data/CBS_RegionWGAN_GP_A00/CBS_RegionWGAN_GP_A00_MW7_BC_M2_D15_2.mat
[28/42] MW7_BC run=3 status=ok IGD=0.0042010613 reused=0 file=/Users/lanai/Code/Matlab/PlatEMO/PlatEMO/mw_pilot_v1/Data/CBS_RegionWGAN_GP_A00/CBS_RegionWGAN_GP_A00_MW7_BC_M2_D15_3.mat
[29/42] MW5_BC run=2 status=ok IGD=0.00019188956 reused=0 file=/Users/lanai/Code/Matlab/PlatEMO/PlatEMO/mw_pilot_v1/Data/CBS_RegionWGAN_GP_A00/CBS_RegionWGAN_GP_A00_MW5_BC_M2_D15_2.mat
[30/42] MW4_BC run=3 status=ok IGD=0.042512497 reused=0 file=/Users/lanai/Code/Matlab/PlatEMO/PlatEMO/mw_pilot_v1/Data/CBS_RegionWGAN_GP_A00/CBS_RegionWGAN_GP_A00_MW4_BC_M3_D15_3.mat
[31/42] MW2_BC run=2 status=ok IGD=0.028298516 reused=0 file=/Users/lanai/Code/Matlab/PlatEMO/PlatEMO/mw_pilot_v1/Data/CBS_RegionWGAN_GP_A00/CBS_RegionWGAN_GP_A00_MW2_BC_M2_D15_2.mat
[32/42] MW12_BC run=3 status=ok IGD=0.0047029011 reused=0 file=/Users/lanai/Code/Matlab/PlatEMO/PlatEMO/mw_pilot_v1/Data/CBS_RegionWGAN_GP_A00/CBS_RegionWGAN_GP_A00_MW12_BC_M2_D15_3.mat
[33/42] MW11_BC run=3 status=ok IGD=0.0059991482 reused=0 file=/Users/lanai/Code/Matlab/PlatEMO/PlatEMO/mw_pilot_v1/Data/CBS_RegionWGAN_GP_A00/CBS_RegionWGAN_GP_A00_MW11_BC_M2_D15_3.mat
[34/42] MW5_BC run=3 status=ok IGD=0.00024559876 reused=0 file=/Users/lanai/Code/Matlab/PlatEMO/PlatEMO/mw_pilot_v1/Data/CBS_RegionWGAN_GP_A00/CBS_RegionWGAN_GP_A00_MW5_BC_M2_D15_3.mat
[35/42] MW1_BC run=3 status=ok IGD=0.0016409934 reused=0 file=/Users/lanai/Code/Matlab/PlatEMO/PlatEMO/mw_pilot_v1/Data/CBS_RegionWGAN_GP_A00/CBS_RegionWGAN_GP_A00_MW1_BC_M2_D15_3.mat
[36/42] MW4_BC run=2 status=ok IGD=0.043149194 reused=0 file=/Users/lanai/Code/Matlab/PlatEMO/PlatEMO/mw_pilot_v1/Data/CBS_RegionWGAN_GP_A00/CBS_RegionWGAN_GP_A00_MW4_BC_M3_D15_2.mat
[37/42] MW14_BC run=2 status=ok IGD=0.10080993 reused=0 file=/Users/lanai/Code/Matlab/PlatEMO/PlatEMO/mw_pilot_v1/Data/CBS_RegionWGAN_GP_A00/CBS_RegionWGAN_GP_A00_MW14_BC_M3_D15_2.mat
[38/42] MW1_BC run=2 status=ok IGD=0.001628919 reused=0 file=/Users/lanai/Code/Matlab/PlatEMO/PlatEMO/mw_pilot_v1/Data/CBS_RegionWGAN_GP_A00/CBS_RegionWGAN_GP_A00_MW1_BC_M2_D15_2.mat
[39/42] MW3_BC run=2 status=ok IGD=0.0049598428 reused=0 file=/Users/lanai/Code/Matlab/PlatEMO/PlatEMO/mw_pilot_v1/Data/CBS_RegionWGAN_GP_A00/CBS_RegionWGAN_GP_A00_MW3_BC_M2_D15_2.mat
[40/42] MW13_BC run=2 status=ok IGD=0.010905405 reused=0 file=/Users/lanai/Code/Matlab/PlatEMO/PlatEMO/mw_pilot_v1/Data/CBS_RegionWGAN_GP_A00/CBS_RegionWGAN_GP_A00_MW13_BC_M2_D15_2.mat
[41/42] MW8_BC run=3 status=ok IGD=0.047719873 reused=0 file=/Users/lanai/Code/Matlab/PlatEMO/PlatEMO/mw_pilot_v1/Data/CBS_RegionWGAN_GP_A00/CBS_RegionWGAN_GP_A00_MW8_BC_M3_D15_3.mat
[42/42] MW14_BC run=3 status=ok IGD=0.099211164 reused=0 file=/Users/lanai/Code/Matlab/PlatEMO/PlatEMO/mw_pilot_v1/Data/CBS_RegionWGAN_GP_A00/CBS_RegionWGAN_GP_A00_MW14_BC_M3_D15_3.mat
[1/42] MW5_BC run=1 status=ok IGD=0.00017671033 reused=0 file=/Users/lanai/Code/Matlab/PlatEMO/PlatEMO/mw_pilot_v1/Data/CBS_RegionWGAN_GP/CBS_RegionWGAN_GP_MW5_BC_M2_D15_1.mat
[2/42] MW9_BC run=1 status=ok IGD=0.0043701849 reused=0 file=/Users/lanai/Code/Matlab/PlatEMO/PlatEMO/mw_pilot_v1/Data/CBS_RegionWGAN_GP/CBS_RegionWGAN_GP_MW9_BC_M2_D15_1.mat
[3/42] MW7_BC run=1 status=ok IGD=0.0041467974 reused=0 file=/Users/lanai/Code/Matlab/PlatEMO/PlatEMO/mw_pilot_v1/Data/CBS_RegionWGAN_GP/CBS_RegionWGAN_GP_MW7_BC_M2_D15_1.mat
[4/42] MW3_BC run=1 status=ok IGD=0.0045506926 reused=0 file=/Users/lanai/Code/Matlab/PlatEMO/PlatEMO/mw_pilot_v1/Data/CBS_RegionWGAN_GP/CBS_RegionWGAN_GP_MW3_BC_M2_D15_1.mat
[5/42] MW10_BC run=1 status=ok IGD=0.063918194 reused=0 file=/Users/lanai/Code/Matlab/PlatEMO/PlatEMO/mw_pilot_v1/Data/CBS_RegionWGAN_GP/CBS_RegionWGAN_GP_MW10_BC_M2_D15_1.mat
[6/42] MW1_BC run=1 status=ok IGD=0.0016434815 reused=0 file=/Users/lanai/Code/Matlab/PlatEMO/PlatEMO/mw_pilot_v1/Data/CBS_RegionWGAN_GP/CBS_RegionWGAN_GP_MW1_BC_M2_D15_1.mat
[7/42] MW6_BC run=1 status=ok IGD=0.042056078 reused=0 file=/Users/lanai/Code/Matlab/PlatEMO/PlatEMO/mw_pilot_v1/Data/CBS_RegionWGAN_GP/CBS_RegionWGAN_GP_MW6_BC_M2_D15_1.mat
[8/42] MW4_BC run=1 status=ok IGD=0.042659134 reused=0 file=/Users/lanai/Code/Matlab/PlatEMO/PlatEMO/mw_pilot_v1/Data/CBS_RegionWGAN_GP/CBS_RegionWGAN_GP_MW4_BC_M3_D15_1.mat
[9/42] MW2_BC run=1 status=ok IGD=0.021228131 reused=0 file=/Users/lanai/Code/Matlab/PlatEMO/PlatEMO/mw_pilot_v1/Data/CBS_RegionWGAN_GP/CBS_RegionWGAN_GP_MW2_BC_M2_D15_1.mat
[10/42] MW8_BC run=1 status=ok IGD=0.051095386 reused=0 file=/Users/lanai/Code/Matlab/PlatEMO/PlatEMO/mw_pilot_v1/Data/CBS_RegionWGAN_GP/CBS_RegionWGAN_GP_MW8_BC_M3_D15_1.mat
[11/42] MW12_BC run=1 status=ok IGD=0.0048461471 reused=0 file=/Users/lanai/Code/Matlab/PlatEMO/PlatEMO/mw_pilot_v1/Data/CBS_RegionWGAN_GP/CBS_RegionWGAN_GP_MW12_BC_M2_D15_1.mat
[12/42] MW6_BC run=2 status=ok IGD=0.022371065 reused=0 file=/Users/lanai/Code/Matlab/PlatEMO/PlatEMO/mw_pilot_v1/Data/CBS_RegionWGAN_GP/CBS_RegionWGAN_GP_MW6_BC_M2_D15_2.mat
[13/42] MW10_BC run=2 status=ok IGD=0.035916917 reused=0 file=/Users/lanai/Code/Matlab/PlatEMO/PlatEMO/mw_pilot_v1/Data/CBS_RegionWGAN_GP/CBS_RegionWGAN_GP_MW10_BC_M2_D15_2.mat
[14/42] MW14_BC run=2 status=ok IGD=0.10489225 reused=0 file=/Users/lanai/Code/Matlab/PlatEMO/PlatEMO/mw_pilot_v1/Data/CBS_RegionWGAN_GP/CBS_RegionWGAN_GP_MW14_BC_M3_D15_2.mat
[15/42] MW12_BC run=2 status=ok IGD=0.004705074 reused=0 file=/Users/lanai/Code/Matlab/PlatEMO/PlatEMO/mw_pilot_v1/Data/CBS_RegionWGAN_GP/CBS_RegionWGAN_GP_MW12_BC_M2_D15_2.mat
[16/42] MW2_BC run=3 status=ok IGD=0.044664907 reused=0 file=/Users/lanai/Code/Matlab/PlatEMO/PlatEMO/mw_pilot_v1/Data/CBS_RegionWGAN_GP/CBS_RegionWGAN_GP_MW2_BC_M2_D15_3.mat
[17/42] MW2_BC run=2 status=ok IGD=0.030157024 reused=0 file=/Users/lanai/Code/Matlab/PlatEMO/PlatEMO/mw_pilot_v1/Data/CBS_RegionWGAN_GP/CBS_RegionWGAN_GP_MW2_BC_M2_D15_2.mat
[18/42] MW14_BC run=1 status=ok IGD=0.099646111 reused=0 file=/Users/lanai/Code/Matlab/PlatEMO/PlatEMO/mw_pilot_v1/Data/CBS_RegionWGAN_GP/CBS_RegionWGAN_GP_MW14_BC_M3_D15_1.mat
[19/42] MW4_BC run=2 status=ok IGD=0.043534255 reused=0 file=/Users/lanai/Code/Matlab/PlatEMO/PlatEMO/mw_pilot_v1/Data/CBS_RegionWGAN_GP/CBS_RegionWGAN_GP_MW4_BC_M3_D15_2.mat
[20/42] MW8_BC run=2 status=ok IGD=0.057661164 reused=0 file=/Users/lanai/Code/Matlab/PlatEMO/PlatEMO/mw_pilot_v1/Data/CBS_RegionWGAN_GP/CBS_RegionWGAN_GP_MW8_BC_M3_D15_2.mat
[21/42] MW11_BC run=1 status=ok IGD=0.0059455151 reused=0 file=/Users/lanai/Code/Matlab/PlatEMO/PlatEMO/mw_pilot_v1/Data/CBS_RegionWGAN_GP/CBS_RegionWGAN_GP_MW11_BC_M2_D15_1.mat
[22/42] MW5_BC run=2 status=ok IGD=0.00019742902 reused=0 file=/Users/lanai/Code/Matlab/PlatEMO/PlatEMO/mw_pilot_v1/Data/CBS_RegionWGAN_GP/CBS_RegionWGAN_GP_MW5_BC_M2_D15_2.mat
[23/42] MW9_BC run=2 status=ok IGD=0.0043252985 reused=0 file=/Users/lanai/Code/Matlab/PlatEMO/PlatEMO/mw_pilot_v1/Data/CBS_RegionWGAN_GP/CBS_RegionWGAN_GP_MW9_BC_M2_D15_2.mat
[24/42] MW13_BC run=2 status=ok IGD=0.12192786 reused=0 file=/Users/lanai/Code/Matlab/PlatEMO/PlatEMO/mw_pilot_v1/Data/CBS_RegionWGAN_GP/CBS_RegionWGAN_GP_MW13_BC_M2_D15_2.mat
[25/42] MW11_BC run=2 status=ok IGD=0.0062483533 reused=0 file=/Users/lanai/Code/Matlab/PlatEMO/PlatEMO/mw_pilot_v1/Data/CBS_RegionWGAN_GP/CBS_RegionWGAN_GP_MW11_BC_M2_D15_2.mat
[26/42] MW1_BC run=2 status=ok IGD=0.0016624688 reused=0 file=/Users/lanai/Code/Matlab/PlatEMO/PlatEMO/mw_pilot_v1/Data/CBS_RegionWGAN_GP/CBS_RegionWGAN_GP_MW1_BC_M2_D15_2.mat
[27/42] MW1_BC run=3 status=ok IGD=0.0016785753 reused=0 file=/Users/lanai/Code/Matlab/PlatEMO/PlatEMO/mw_pilot_v1/Data/CBS_RegionWGAN_GP/CBS_RegionWGAN_GP_MW1_BC_M2_D15_3.mat
[28/42] MW13_BC run=1 status=ok IGD=0.087963803 reused=0 file=/Users/lanai/Code/Matlab/PlatEMO/PlatEMO/mw_pilot_v1/Data/CBS_RegionWGAN_GP/CBS_RegionWGAN_GP_MW13_BC_M2_D15_1.mat
[29/42] MW7_BC run=2 status=ok IGD=0.004015776 reused=0 file=/Users/lanai/Code/Matlab/PlatEMO/PlatEMO/mw_pilot_v1/Data/CBS_RegionWGAN_GP/CBS_RegionWGAN_GP_MW7_BC_M2_D15_2.mat
[30/42] MW3_BC run=2 status=ok IGD=0.0045364852 reused=0 file=/Users/lanai/Code/Matlab/PlatEMO/PlatEMO/mw_pilot_v1/Data/CBS_RegionWGAN_GP/CBS_RegionWGAN_GP_MW3_BC_M2_D15_2.mat
[31/42] MW5_BC run=3 status=ok IGD=0.00027430315 reused=0 file=/Users/lanai/Code/Matlab/PlatEMO/PlatEMO/mw_pilot_v1/Data/CBS_RegionWGAN_GP/CBS_RegionWGAN_GP_MW5_BC_M2_D15_3.mat
[32/42] MW3_BC run=3 status=ok IGD=0.0047683566 reused=0 file=/Users/lanai/Code/Matlab/PlatEMO/PlatEMO/mw_pilot_v1/Data/CBS_RegionWGAN_GP/CBS_RegionWGAN_GP_MW3_BC_M2_D15_3.mat
[33/42] MW8_BC run=3 status=ok IGD=0.05207162 reused=0 file=/Users/lanai/Code/Matlab/PlatEMO/PlatEMO/mw_pilot_v1/Data/CBS_RegionWGAN_GP/CBS_RegionWGAN_GP_MW8_BC_M3_D15_3.mat
[34/42] MW12_BC run=3 status=ok IGD=0.0046768784 reused=0 file=/Users/lanai/Code/Matlab/PlatEMO/PlatEMO/mw_pilot_v1/Data/CBS_RegionWGAN_GP/CBS_RegionWGAN_GP_MW12_BC_M2_D15_3.mat
[35/42] MW9_BC run=3 status=ok IGD=0.0043219468 reused=0 file=/Users/lanai/Code/Matlab/PlatEMO/PlatEMO/mw_pilot_v1/Data/CBS_RegionWGAN_GP/CBS_RegionWGAN_GP_MW9_BC_M2_D15_3.mat
[36/42] MW7_BC run=3 status=ok IGD=0.003997625 reused=0 file=/Users/lanai/Code/Matlab/PlatEMO/PlatEMO/mw_pilot_v1/Data/CBS_RegionWGAN_GP/CBS_RegionWGAN_GP_MW7_BC_M2_D15_3.mat
[37/42] MW11_BC run=3 status=ok IGD=0.0061522851 reused=0 file=/Users/lanai/Code/Matlab/PlatEMO/PlatEMO/mw_pilot_v1/Data/CBS_RegionWGAN_GP/CBS_RegionWGAN_GP_MW11_BC_M2_D15_3.mat
[38/42] MW4_BC run=3 status=ok IGD=0.043100127 reused=0 file=/Users/lanai/Code/Matlab/PlatEMO/PlatEMO/mw_pilot_v1/Data/CBS_RegionWGAN_GP/CBS_RegionWGAN_GP_MW4_BC_M3_D15_3.mat
[39/42] MW10_BC run=3 status=ok IGD=0.021055156 reused=0 file=/Users/lanai/Code/Matlab/PlatEMO/PlatEMO/mw_pilot_v1/Data/CBS_RegionWGAN_GP/CBS_RegionWGAN_GP_MW10_BC_M2_D15_3.mat
[40/42] MW6_BC run=3 status=ok IGD=0.0087201641 reused=0 file=/Users/lanai/Code/Matlab/PlatEMO/PlatEMO/mw_pilot_v1/Data/CBS_RegionWGAN_GP/CBS_RegionWGAN_GP_MW6_BC_M2_D15_3.mat
[41/42] MW13_BC run=3 status=ok IGD=0.07803434 reused=0 file=/Users/lanai/Code/Matlab/PlatEMO/PlatEMO/mw_pilot_v1/Data/CBS_RegionWGAN_GP/CBS_RegionWGAN_GP_MW13_BC_M2_D15_3.mat
[42/42] MW14_BC run=3 status=ok IGD=0.10021804 reused=0 file=/Users/lanai/Code/Matlab/PlatEMO/PlatEMO/mw_pilot_v1/Data/CBS_RegionWGAN_GP/CBS_RegionWGAN_GP_MW14_BC_M3_D15_3.mat
MW pilot complete.
使用 'Processes' 配置文件的并行池正在关闭。
